// Jest Snapshot v1, https://goo.gl/fbAQLP

exports[`renders properly 1`] = `
<button
  className="mantine-UnstyledButton-root mantine-Button-root mantine-8nr514"
  data-button={true}
  type="button"
>
  <div
    className="mantine-3xbgk5 mantine-Button-inner"
  >
    <span
      className="mantine-qo1k2 mantine-Button-label"
      style={
        {
          "textTransform": undefined,
        }
      }
    />
  </div>
</button>
`;
